Class .phantom.util.map
  Field index
  Field pairs
  Method int put( key: .internal.object, value: .internal.object ):
    ,  : void
      ,  : void
        ,  : void
          ,  : void
            if : unknown
              :!= : int
                . : .internal.object
                  this  : .phantom.util.map
                  Method get : void
                  arg  : unknown
                    ident key : .internal.object
                null : .internal.object const
              return : void const
                int const "0" : int const
            void  : void
              = : void
                [] : .internal.object
                  ident pairs : .internal.object[]
                  ident index : int
                ident key : .internal.object
          void  : void
            = : void
              [] : .internal.object
                ident pairs : .internal.object[]
                + : int
                  ident index : int
                  int const "1" : int const
              ident value : .internal.object
        void  : void
          = : void
            ident index : int
            + : int
              ident index : int
              int const "2" : int const
      return : void const
        int const "1" : int const

  C'tor  void <init>(  ):
    empty : void

  Method .internal.object get( key: .internal.object ):
    ,  : void
      ,  : void
        void  : void
          = : void
            ident i : int
            int const "0" : int const
        do-while : void
          < : int
            ident i : int
            ident index : int
          ,  : void
            if : unknown
              . : int
                ident key : .internal.object
                Method equals : void
                arg  : unknown
                  [] : .internal.object
                    ident pairs : .internal.object[]
                    ident i : int
              return : void
                [] : .internal.object
                  ident pairs : .internal.object[]
                  + : int
                    ident i : int
                    int const "1" : int const
            void  : void
              = : void
                ident i : int
                + : int
                  ident i : int
                  int const "2" : int const
      return : void const
        null : .internal.object const

  Method void init(  ):
    ,  : void
      void  : void
        = : void
          ident index : int
          int const "0" : int const
      void  : void
        = : void
          ident pairs : .internal.object[]
          new .internal.object[] : .internal.object[]

