Class .phantom.osimpl
  Field bootObject
  Field timeServer
  Method void setTimeServer( ts: .phantom.os.time ):
    void  : void
      = : void
        ident timeServer : .phantom.os.time
        ident ts : .phantom.os.time

  C'tor  void <init>(  ):
    empty : void

  Method void init( _bootObject: .internal.object ):
    void  : void
      = : void
        ident bootObject : .internal.object
        ident _bootObject : .internal.object

  Method string getKernelEnvironmentValue( inkey: string ):
    ,  : void
      ,  : void
        ,  : void
          ,  : void
            void  : void
              = : void
                ident env : string[]
                (cast) : string[]
                  . : unknown
                    ident bootObject : .internal.object
                    Method (no. 23) : void
            void  : void
              = : void
                ident size : int
                (cast) : int
                  . : unknown
                    ident env : string[]
                    Method (no. 12) : void
          void  : void
            = : void
              ident i : int
              ident size : int
        do-while : void
          > : int
            ident i : int
            int const "0" : int const
          ,  : void
            ,  : void
              ,  : void
                ,  : void
                  ,  : void
                    ,  : void
                      void  : void
                        = : void
                          ident i : int
                          - : int
                            ident i : int
                            int const "1" : int const
                      void  : void
                        = : void
                          ident el : string
                          [] : string
                            ident env : string[]
                            ident i : int
                    void  : void
                      = : void
                        ident pos : int
                        . : int
                          ident el : string
                          Method strstr : void
                          arg  : unknown
                            string pool const id="0" : string const
                  if : unknown
                    < : int
                      ident pos : int
                      int const "0" : int const
                    continue : void
                void  : void
                  = : void
                    ident key : string
                    . : string
                      ident el : string
                      Method substring : void
                      arg  : int
                        int const "0" : int const
                      arg  : unknown
                        ident pos : int
              void  : void
                = : void
                  ident val : string
                  . : string
                    ident el : string
                    Method substring : void
                    arg  : int
                      + : int
                        ident pos : int
                        int const "1" : int const
                    arg  : unknown
                      - : int
                        - : int
                          . : int
                            ident el : string
                            Method length : void
                          ident pos : int
                        int const "1" : int const
            if : unknown
              == : int
                ident key : string
                ident inkey : string
              return : void
                ident val : string
      return : void const
        null : .internal.object const

  Method .phantom.os.time getTimeServer(  ):
    return : void
      ident timeServer : .phantom.os.time

