Class .phantom.environment
  Field env
  C'tor  void <init>(  ):
    empty : void

  Method .internal.object get( key: string ):
    ,  : void
      void  : void
        . : void
          this  : .phantom.environment
          Method init : void
      return : void
        . : .internal.object
          ident env : .phantom.util.map
          Method get : void
          arg  : unknown
            ident key : string

  Method int set( key: string, val: .internal.object ):
    ,  : void
      void  : void
        . : void
          this  : .phantom.environment
          Method init : void
      return : void
        . : int
          ident env : .phantom.util.map
          Method put : void
          arg  : string
            ident key : string
          arg  : unknown
            ident val : .internal.object

  Method void init(  ):
    if : unknown
      :== : int
        ident env : .phantom.util.map
        null : .internal.object const
      void  : void
        = : void
          ident env : .phantom.util.map
          new .phantom.util.map : .phantom.util.map

