Class .ru.dz.phantom.system.shell
  Field console
  Field conn
  Field incr
  Field stat_pos
  Field stat_next_pos
  Field stat_conn
  Field cpu_idle
  Field mtx
  Field white
  Field old_idle
  Field stat_val
  Field win
  Field cb
  Method void init(  ):
    ,  : void
      void  : void
        = : .internal.mutex
          ident mtx : .internal.mutex
          new .internal.mutex : .internal.mutex
      void  : void
        . : void
          ident mtx : .internal.mutex
          Method lock : unknown

  Method void go(  ):
    void  : void
      . : void
        ident mtx : .internal.mutex
        Method unlock : unknown

  Method void run( parent_object: unknown ):
    ,  : void
      ,  : void
        ,  : void
          ,  : void
            ,  : void
              ,  : void
                ,  : void
                  ,  : void
                    ,  : void
                      ,  : void
                        ,  : void
                          ,  : void
                            ,  : void
                              ,  : void
                                ,  : void
                                  ,  : void
                                    ,  : void
                                      ,  : void
                                        ,  : void
                                          ,  : void
                                            ,  : void
                                              void  : void
                                                = : .internal.window
                                                  ident win : .internal.window
                                                  new .internal.window : .internal.window
                                              void  : void
                                                . : void
                                                  ident win : .internal.window
                                                  Method setWinPosition : unknown
                                                  arg  : int
                                                    int const "50" : int const
                                                  arg  : unknown
                                                    int const "310" : int const
                                            void  : void
                                              . : void
                                                ident win : .internal.window
                                                Method setTitle : unknown
                                                arg  : unknown
                                                  string const "Disk io stats" : string const
                                          void  : void
                                            . : void
                                              ident win : .internal.window
                                              Method setFg : unknown
                                              arg  : unknown
                                                int const "-16777216" : int const
                                        void  : void
                                          . : void
                                            ident win : .internal.window
                                            Method clear : unknown
                                      void  : void
                                        . : void
                                          ident win : .internal.window
                                          Method update : unknown
                                    void  : void
                                      = : int
                                        ident stat_pos : int
                                        int const "0" : int const
                                  void  : void
                                    = : int
                                      ident old_idle : int
                                      int const "0" : int const
                                void  : void
                                  = : int
                                    ident white : int
                                    int const "-1" : int const
                              void  : void
                                = : .internal.io.tty
                                  ident console : .internal.io.tty
                                  new .internal.io.tty : .internal.io.tty
                            void  : void
                              = : int
                                ident incr : int
                                int const "1" : int const
                          void  : void
                            . : void
                              ident console : .internal.io.tty
                              Method moveWindow : unknown
                              arg  : int
                                int const "10" : int const
                              arg  : unknown
                                int const "10" : int const
                        void  : void
                          . : void
                            ident console : .internal.io.tty
                            Method setTitle : unknown
                            arg  : unknown
                              string const "VM Shell" : string const
                      void  : void
                        = : .internal.connection
                          ident conn : .internal.connection
                          new .internal.connection : .internal.connection
                    void  : void
                      . : int
                        ident conn : .internal.connection
                        Method connect : unknown
                        arg  : unknown
                          string const "tmr:" : string const
                  void  : void
                    = : .ru.dz.phantom.system.shell_callback
                      ident cb : .ru.dz.phantom.system.shell_callback
                      new .ru.dz.phantom.system.shell_callback : .ru.dz.phantom.system.shell_callback
                void  : void
                  . : void
                    ident cb : .ru.dz.phantom.system.shell_callback
                    Method init : unknown
                    arg  : unknown
                      ident console : .internal.io.tty
              void  : void
                . : int
                  ident conn : .internal.connection
                  Method setCallback : unknown
                  arg  : .ru.dz.phantom.system.shell_callback
                    ident cb : .ru.dz.phantom.system.shell_callback
                  arg  : unknown
                    int const "17" : int const
            void  : void
              . : int
                ident conn : .internal.connection
                Method invoke : unknown
                arg  : int
                  int const "1000" : int const
                arg  : unknown
                  int const "0" : int const
          void  : void
            = : .internal.connection
              ident stat_conn : .internal.connection
              new .internal.connection : .internal.connection
        void  : void
          . : int
            ident stat_conn : .internal.connection
            Method connect : unknown
            arg  : unknown
              string const "stt:" : string const
      do-while : unknown
        int const "1" : int const
        ,  : void
          ,  : void
            ,  : void
              ,  : void
                ,  : void
                  ,  : void
                    ,  : void
                      ,  : void
                        ,  : void
                          ,  : void
                            ,  : void
                              ,  : void
                                ,  : void
                                  ,  : void
                                    ,  : void
                                      ,  : void
                                        ,  : void
                                          ,  : void
                                            ,  : void
                                              ,  : void
                                                ,  : void
                                                  ,  : void
                                                    ,  : void
                                                      ,  : void
                                                        ,  : void
                                                          ,  : void
                                                            ,  : void
                                                              ,  : void
                                                                void  : void
                                                                  . : void
                                                                    ident mtx : .internal.mutex
                                                                    Method lock : unknown
                                                                void  : void
                                                                  . : void
                                                                    ident console : .internal.io.tty
                                                                    Method putws : unknown
                                                                    arg  : unknown
                                                                      string const "I am connected shell!
" : string const
                                                              void  : void
                                                                . : void
                                                                  ident console : .internal.io.tty
                                                                  Method putws : unknown
                                                                  arg  : unknown
                                                                    string const "--------------------------------------------------
" : string const
                                                            void  : void
                                                              . : void
                                                                ident console : .internal.io.tty
                                                                Method putws : unknown
                                                                arg  : unknown
                                                                  string const "Thread is running... " : string const
                                                          void  : void
                                                            . : void
                                                              ident console : .internal.io.tty
                                                              Method putws : unknown
                                                              arg  : unknown
                                                                . : string
                                                                  ident incr : int
                                                                  Method toString : unknown
                                                        void  : void
                                                          . : void
                                                            ident console : .internal.io.tty
                                                            Method putws : unknown
                                                            arg  : unknown
                                                              string const "  " : string const
                                                      void  : void
                                                        . : int
                                                          ident conn : .internal.connection
                                                          Method block : unknown
                                                          arg  : .internal.object
                                                            null : .internal.object const
                                                          arg  : unknown
                                                            int const "500" : int const
                                                    void  : void
                                                      = : int
                                                        ident stat_val : int
                                                        . : int
                                                          ident stat_conn : .internal.connection
                                                          Method block : unknown
                                                          arg  : int
                                                            int const "26" : int const
                                                          arg  : unknown
                                                            int const "0" : int const
                                                  void  : void
                                                    . : void
                                                      ident console : .internal.io.tty
                                                      Method putws : unknown
                                                      arg  : unknown
                                                        string const "blk io =. " : string const
                                                void  : void
                                                  = : int
                                                    ident cpu_idle : int
                                                    . : int
                                                      ident stat_conn : .internal.connection
                                                      Method block : unknown
                                                      arg  : int
                                                        int const "0" : int const
                                                      arg  : unknown
                                                        int const "5" : int const
                                              void  : void
                                                . : void
                                                  ident console : .internal.io.tty
                                                  Method putws : unknown
                                                  arg  : unknown
                                                    string const "cpu idle = " : string const
                                            void  : void
                                              . : void
                                                ident console : .internal.io.tty
                                                Method putws : unknown
                                                arg  : unknown
                                                  . : string
                                                    ident cpu_idle : int
                                                    Method toString : unknown
                                          void  : void
                                            . : void
                                              ident console : .internal.io.tty
                                              Method putws : unknown
                                              arg  : unknown
                                                string const "
" : string const
                                        void  : void
                                          = : int
                                            ident cpu_idle : int
                                            - : int
                                              int const "100" : int const
                                              ident cpu_idle : int
                                      void  : void
                                        = : int
                                          ident stat_next_pos : int
                                          + : int
                                            ident stat_pos : int
                                            int const "1" : int const
                                    if : unknown
                                      >= : int
                                        ident stat_next_pos : int
                                        . : int
                                          ident win : .internal.window
                                          Method getXSize : unknown
                                      void  : void
                                        = : int
                                          ident stat_next_pos : int
                                          int const "0" : int const
                                  void  : void
                                    . : void
                                      ident win : .internal.window
                                      Method setFg : unknown
                                      arg  : unknown
                                        int const "-16711936" : int const
                                void  : void
                                  . : void
                                    ident win : .internal.window
                                    Method drawLine : unknown
                                    arg  : int
                                      ident stat_next_pos : int
                                    arg  : int
                                      int const "5" : int const
                                    arg  : int
                                      int const "0" : int const
                                    arg  : unknown
                                      int const "300" : int const
                              void  : void
                                . : void
                                  ident win : .internal.window
                                  Method setFg : unknown
                                  arg  : unknown
                                    ident white : int
                            void  : void
                              . : void
                                ident win : .internal.window
                                Method drawLine : unknown
                                arg  : int
                                  ident stat_pos : int
                                arg  : int
                                  int const "5" : int const
                                arg  : int
                                  int const "0" : int const
                                arg  : unknown
                                  int const "300" : int const
                          void  : void
                            . : void
                              ident win : .internal.window
                              Method setFg : unknown
                              arg  : unknown
                                int const "-16777216" : int const
                        void  : void
                          . : void
                            ident win : .internal.window
                            Method drawLine : unknown
                            arg  : int
                              ident stat_pos : int
                            arg  : int
                              int const "5" : int const
                            arg  : int
                              int const "0" : int const
                            arg  : unknown
                              + : int
                                int const "0" : int const
                                ident stat_val : int
                      void  : void
                        . : void
                          ident win : .internal.window
                          Method setFg : unknown
                          arg  : unknown
                            int const "-16776961" : int const
                    void  : void
                      . : void
                        ident win : .internal.window
                        Method drawLine : unknown
                        arg  : int
                          - : int
                            ident stat_pos : int
                            int const "1" : int const
                        arg  : int
                          ident old_idle : int
                        arg  : int
                          int const "1" : int const
                        arg  : unknown
                          - : int
                            ident cpu_idle : int
                            ident old_idle : int
                  void  : void
                    = : int
                      ident old_idle : int
                      ident cpu_idle : int
                void  : void
                  = : int
                    ident stat_pos : int
                    ident stat_next_pos : int
              void  : void
                . : void
                  ident win : .internal.window
                  Method update : unknown
            void  : void
              . : void
                ident mtx : .internal.mutex
                Method unlock : unknown
          void  : void
            = : int
              ident incr : int
              + : int
                ident incr : int
                int const "1" : int const

