Class .ru.dz.phantom.system.class_loader
  Field boot_object
  Field classes
  Field index
  Field i
  Field new_class
  C'tor  void <init>(  ):
    empty : void

  Method void print( input: string ):
    void  : void
      . : unknown
        ident boot_object : unknown
        Method (no. 16) : void
        arg  : unknown
          ident input : string

  Method .internal.object load_class( name: string ):
    return : void
      . : unknown
        ident boot_object : unknown
        Method (no. 8) : void
        arg  : unknown
          ident name : string

  Method .internal.object get_class( name: string ):
    ,  : void
      ,  : void
        void  : void
          = : void
            ident i : int
            int const "0" : int const
        do-while : void
          < : int
            ident i : int
            ident index : int
          ,  : void
            if : unknown
              == : int
                ident name : string
                [] : void
                  ident classes : void[]
                  ident i : int
              return : void
                [] : void
                  ident classes : void[]
                  + : int
                    ident i : int
                    int const "1" : int const
            void  : void
              = : void
                ident i : int
                + : int
                  ident i : int
                  int const "2" : int const
      return : void
        . : .internal.object
          this  : .ru.dz.phantom.system.class_loader
          Method load : void
          arg  : unknown
            ident name : string

  Method void init( _boot_object: unknown ):
    ,  : void
      ,  : void
        void  : void
          = : void
            ident boot_object : unknown
            (cast) : unknown
              ident _boot_object : unknown
        void  : void
          = : void
            ident index : int
            int const "0" : int const
      void  : void
        = : void
          ident classes : void[]
          new void[] : void[]

  Method .internal.object load( name: string ):
    ,  : void
      ,  : void
        ,  : void
          ,  : void
            ,  : void
              void  : void
                = : void
                  ident new_class : unknown
                  (cast) : unknown
                    . : .internal.object
                      this  : .ru.dz.phantom.system.class_loader
                      Method load_class : void
                      arg  : unknown
                        ident name : string
              void  : void
                = : void
                  [] : void
                    ident classes : void[]
                    ident index : int
                  (cast) : void
                    ident name : string
            void  : void
              = : void
                ident index : int
                + : int
                  ident index : int
                  int const "1" : int const
          void  : void
            = : void
              [] : void
                ident classes : void[]
                ident index : int
              (cast) : void
                ident new_class : unknown
        void  : void
          = : void
            ident index : int
            + : int
              ident index : int
              int const "1" : int const
      return : void
        ident new_class : unknown

