Class .ru.dz.phantom.system.thread_test
  Field console
  Field incr
  Field o
  C'tor  void <init>(  ):
    empty : void

  Method void run( parent_object: unknown ):
    ,  : void
      ,  : void
        ,  : void
          void  : void
            . : void
              ident o : .phantom.os
              Method init : void
          void  : void
            = : void
              ident console : .internal.io.tty
              new .internal.io.tty : .internal.io.tty
        void  : void
          = : void
            ident incr : int
            int const "1" : int const
      do-while : void
        int const "1" : int const
        ,  : void
          ,  : void
            ,  : void
              ,  : void
                void  : void
                  . : void
                    ident console : .internal.io.tty
                    Method putws : void
                    arg  : unknown
                      string pool const id="0" : string const
                void  : void
                  . : void
                    ident console : .internal.io.tty
                    Method putws : void
                    arg  : unknown
                      string pool const id="1" : string const
              void  : void
                = : void
                  ident incr : int
                  + : int
                    ident incr : int
                    int const "1" : int const
            void  : void
              . : void
                ident console : .internal.io.tty
                Method putws : void
                arg  : unknown
                  . : string
                    ident incr : int
                    Method toString : void
          void  : void
            . : void
              ident console : .internal.io.tty
              Method putws : void
              arg  : unknown
                string pool const id="2" : string const

