Class .ru.dz.windows.root
  Field console
  Field boot_object
  C'tor  void <init>(  ):
    empty : void

  Method void test(  ):
    ,  : void
      ,  : void
        ,  : void
          ,  : void
            ,  : void
              ,  : void
                void  : void
                  . : void
                    ident console : .internal.io.tty
                    Method gotoxy : void
                    arg  : int
                      int const "0" : int const
                    arg  : unknown
                      int const "3" : int const
                void  : void
                  . : void
                    ident console : .internal.io.tty
                    Method putws : void
                    arg  : unknown
                      string pool const id="1" : string const
              void  : void
                . : void
                  ident console : .internal.io.tty
                  Method gotoxy : void
                  arg  : int
                    int const "10" : int const
                  arg  : unknown
                    int const "10" : int const
            void  : void
              . : void
                ident console : .internal.io.tty
                Method setcolor : void
                arg  : unknown
                  int const "14" : int const
          void  : void
            . : void
              ident console : .internal.io.tty
              Method putws : void
              arg  : unknown
                string pool const id="2" : string const
        void  : void
          . : void
            ident console : .internal.io.tty
            Method gotoxy : void
            arg  : int
              int const "0" : int const
            arg  : unknown
              int const "0" : int const
      void  : void
        . : void
          ident console : .internal.io.tty
          Method putws : void
          arg  : unknown
            string pool const id="3" : string const

  Method void shell(  ):
    ,  : void
      ,  : void
        ,  : void
          void  : void
            . : void
              ident console : .internal.io.tty
              Method putws : void
              arg  : unknown
                string pool const id="4" : string const
          void  : void
            = : void
              ident str : string
              string pool const id="5" : string const
        do-while : void
          int const "1" : int const
          ,  : void
            ,  : void
              void  : void
                = : void
                  ident ch : string
                  . : string
                    ident console : .internal.io.tty
                    Method getwc : void
              if : void
                . : int
                  ident ch : string
                  Method equals : void
                  arg  : unknown
                    string pool const id="6" : string const
                ,  : void
                  ,  : void
                    ,  : void
                      ,  : void
                        if : unknown
                          . : int
                            ident str : string
                            Method equals : void
                            arg  : unknown
                              string pool const id="7" : string const
                          break : void
                        void  : void
                          . : void
                            this  : .ru.dz.windows.root
                            Method putws : void
                            arg  : unknown
                              string pool const id="8" : string const
                      void  : void
                        . : void
                          this  : .ru.dz.windows.root
                          Method shell_cmd : void
                          arg  : unknown
                            ident str : string
                    void  : void
                      = : void
                        ident str : string
                        string pool const id="9" : string const
                  void  : void
                    . : void
                      ident console : .internal.io.tty
                      Method putws : void
                      arg  : unknown
                        string pool const id="10" : string const
                void  : void
                  = : void
                    ident str : string
                    . : string
                      ident str : string
                      Method concat : void
                      arg  : unknown
                        ident ch : string
            void  : void
              . : void
                ident console : .internal.io.tty
                Method putws : void
                arg  : unknown
                  ident ch : string
      throw  : void const
        string pool const id="11" : string const

  Method void putws( s: string ):
    void  : void
      . : void
        ident console : .internal.io.tty
        Method putws : void
        arg  : unknown
          ident s : string

  Method void gotoxy( x: int, y: int ):
    void  : void
      . : void
        ident console : .internal.io.tty
        Method gotoxy : void
        arg  : int
          ident x : int
        arg  : unknown
          ident y : int

  Method void init( _console: .internal.io.tty, _booto: unknown ):
    ,  : void
      ,  : void
        void  : void
          = : void
            ident console : .internal.io.tty
            ident _console : .internal.io.tty
        void  : void
          = : void
            ident boot_object : unknown
            (cast) : unknown
              ident _booto : unknown
      void  : void
        . : void
          ident console : .internal.io.tty
          Method putws : void
          arg  : unknown
            string pool const id="0" : string const

  Method void shell_cmd( cmd: string ):
    ,  : void
      ,  : void
        ,  : void
          ,  : void
            ,  : void
              ,  : void
                ,  : void
                  ,  : void
                    ,  : void
                      ,  : void
                        ,  : void
                          ,  : void
                            void  : void
                              = : void
                                ident len : int
                                . : int
                                  ident cmd : string
                                  Method length : void
                            void  : void
                              = : void
                                ident i : int
                                int const "0" : int const
                          void  : void
                            = : void
                              ident spacePos : int
                              int const "0" : int const
                        do-while : void
                          < : int
                            ident i : int
                            ident len : int
                          ,  : void
                            ,  : void
                              void  : void
                                = : void
                                  ident c : int
                                  . : int
                                    ident cmd : string
                                    Method charAt : void
                                    arg  : unknown
                                      ident i : int
                              if : unknown
                                == : int
                                  ident c : int
                                  int const "32" : int const
                                ,  : void
                                  void  : void
                                    = : void
                                      ident spacePos : int
                                      ident i : int
                                  break : void
                            void  : void
                              = : void
                                ident i : int
                                + : int
                                  ident i : int
                                  int const "1" : int const
                      if : void
                        >= : int
                          ident i : int
                          ident len : int
                        ,  : void
                          void  : void
                            = : void
                              ident verb : string
                              ident cmd : string
                          void  : void
                            = : void
                              ident parms : string
                              string pool const id="12" : string const
                        ,  : void
                          void  : void
                            = : void
                              ident verb : string
                              . : string
                                ident cmd : string
                                Method substring : void
                                arg  : int
                                  int const "0" : int const
                                arg  : unknown
                                  ident spacePos : int
                          void  : void
                            = : void
                              ident parms : string
                              . : string
                                ident cmd : string
                                Method substring : void
                                arg  : int
                                  + : int
                                    ident spacePos : int
                                    int const "1" : int const
                                arg  : unknown
                                  - : int
                                    ident len : int
                                    ident spacePos : int
                    if : unknown
                      . : int
                        ident verb : string
                        Method equals : void
                        arg  : unknown
                          string pool const id="13" : string const
                      ,  : void
                        void  : void
                          . : void
                            this  : .ru.dz.windows.root
                            Method putws : void
                            arg  : unknown
                              string pool const id="14" : string const
                        return : void
                  if : unknown
                    . : int
                      ident verb : string
                      Method equals : void
                      arg  : unknown
                        string pool const id="15" : string const
                    ,  : void
                      void  : void
                        . : void
                          this  : .ru.dz.windows.root
                          Method putws : void
                          arg  : unknown
                            string pool const id="16" : string const
                      return : void
                if : unknown
                  . : int
                    ident verb : string
                    Method equals : void
                    arg  : unknown
                      string pool const id="17" : string const
                  ,  : void
                    void  : void
                      . : void
                        this  : .ru.dz.windows.root
                        Method putws : void
                        arg  : unknown
                          string pool const id="18" : string const
                    return : void
              if : unknown
                . : int
                  ident verb : string
                  Method equals : void
                  arg  : unknown
                    string pool const id="19" : string const
                ,  : void
                  void  : void
                    . : void
                      this  : .ru.dz.windows.root
                      Method putws : void
                      arg  : unknown
                        ident parms : string
                  return : void
            if : unknown
              . : int
                ident verb : string
                Method equals : void
                arg  : unknown
                  string pool const id="20" : string const
              ,  : void
                void  : void
                  . : void
                    this  : .ru.dz.windows.root
                    Method putws : void
                    arg  : unknown
                      ident parms : string
                return : void
          if : unknown
            . : int
              ident verb : string
              Method equals : void
              arg  : unknown
                string pool const id="21" : string const
            ,  : void
              throw  : void const
                ident parms : string
              return : void
        if : unknown
          . : int
            ident verb : string
            Method equals : void
            arg  : unknown
              string pool const id="22" : string const
          ,  : void
            void  : void
              . : void
                this  : .ru.dz.windows.root
                Method putws : void
                arg  : unknown
                  string pool const id="23" : string const
            return : void
      void  : void
        . : void
          this  : .ru.dz.windows.root
          Method putws : void
          arg  : unknown
            . : string
              string pool const id="24" : string const
              Method concat : void
              arg  : unknown
                ident verb : string

